[www.nottingham.ac.uk/index.html]
[backblue.gif]
[fade.gif]
[index.html]
[cdn.jsdelivr.net/npm/bootstrap@5.0.1/dist/css/bootstrap.min.css]
[www.nottingham.ac.uk/homepage-2021/stylesheets/style0eae.css]
[www.nottingham.ac.uk/homepage-2021/stylesheets/header-20216a10.css]
[www.nottingham.ac.uk/WebResourcebad4.js]
[www.nottingham.ac.uk/SiteElements/Javascript/privacy-bar-gdprcc44.js]
[www.nottingham.ac.uk/SiteElements/Javascript/gaclicktracking-universal4a4a.js]
[www.nottingham.ac.uk/SiteElements/Javascript/HotJar48f3.js]
[www.nottingham.ac.uk/SiteElements/Javascript/gecko-cookie2bd8.js]
[www.nottingham.ac.uk/SiteElements/Javascript/gecko-form622d.js]
[www.nottingham.ac.uk/SiteElementsHomepage/js/search-web-resource62a6.js]
[www.google-analytics.com/analytics.js]
[kit.fontawesome.com/e4b53531a1.js]
[cdnjs.cloudflare.com/ajax/libs/Modaal/0.4.4/css/modaal.min.css]
[cdnjs.cloudflare.com/ajax/libs/Modaal/0.4.4/js/modaal.min.js]
[www.nottingham.ac.uk/homepage-2021/images/mobile-logo-full.svg]
[www.nottingham.ac.uk/studywithus/study-with-us.html]
[www.nottingham.ac.uk/ugstudy/courses/a-zsearch.html]
[www.nottingham.ac.uk/studywithus/international-applicants/index.html]
[www.nottingham.ac.uk/pgstudy/index.html]
[www.nottingham.ac.uk/workingwithbusiness/services/degree-apprenticeships.13.delayed]
[www.nottingham.ac.uk/workingwithbusiness/degree-apprenticeships/degree-apprenticeships.html]
[www.nottingham.ac.uk/studentservices/support/financialsupport/bursariesandscholarships/index.html]
[www.nottingham.ac.uk/about/history/abriefhistoryoftheuniversity.html]
[www.nottingham.ac.uk/about/facts/accolades.html]
[www.nottingham.ac.uk/about/structure/universitystructure.html]
[www.nottingham.ac.uk/about/keydates/index.html]
[www.nottingham.ac.uk/global/home.html]
[www.nottingham.ac.uk/strategy/home.html]
[www.nottingham.ac.uk/about/facts/factsandfigures.html]
[www.nottingham.ac.uk/fabs/research-innovation/engagement-and-partnerships.html]
[www.nottingham.ac.uk/vision/index.html]
[www.nottingham.ac.uk/policy-and-engagement/public-engagement/index.1d.delayed]
[www.nottingham.ac.uk/policy-and-engagement/Public-engagement/Public-engagement.html]
[www.nottingham.ac.uk/policy-and-engagement/home.html]
[www.nottingham.ac.uk/workingwithbusiness/expertise.html]
[www.nottingham.ac.uk/workingwithbusiness/develop-workforce.22.delayed]
[www.nottingham.ac.uk/workingwithbusiness/develop-workforce/index.html]
[www.nottingham.ac.uk/workingwithbusiness/recruit-our-students-and-graduates.html]
[www.nottingham.ac.uk/workingwithbusiness/collaborativefunding.html]
[www.nottingham.ac.uk/workingwithbusiness/services/facilities-and-equipment.html]
[www.nottingham.ac.uk/workingwithbusiness/case-studies/case-studies.html]
[www.nottingham.ac.uk/events/events.html]
[www.nottingham.ac.uk/news/index.html]
[www.nottingham.ac.uk/news/meettheteam/index.html]
[www.nottingham.ac.uk/studywithus/enquiry.html]
[www.nottingham.ac.uk/departments/a-z.html]
[www.nottingham.ac.uk/contact/index.html]
[www.nottingham.ac.uk/contact/staff-search/uk-staff-look-up.html]
[www.nottingham.ac.uk/studywithus/visitingus/visiting-us.html]
[www.nottingham.ac.uk/currentstudents/index.html]
[www.nottingham.ac.uk/staffroom/staffroom.html]
[www.nottingham.ac.uk/siteelementshomepage/images/logo.svg]
[www.nottingham.ac.uk/studywithus/what-next/fees-and-funding.html]
[www.nottingham.ac.uk/virtualnottingham/index.html]
[www.nottingham.ac.uk/open-days/index.html]
[www.nottingham.ac.uk/studywithus/student-experience/life-on-campus.html]
[www.nottingham.ac.uk/currentstudents/yourcommunity/living-in-the-community/livinginthecommunity.html]
[www.nottingham.ac.uk/accommodation/index.html]
[www.nottingham.ac.uk/studentservices/index.html]
[www.nottingham.ac.uk/open-days/chat-to-our-students.34.delayed]
[www.nottingham.ac.uk/studywithus/chat-to-our-students/index.html]
[www.nottingham.ac.uk/careers/students/graduatejobs/index.html]
[www.nottingham.ac.uk/ugstudy/clearing/clearing.html]
[www.nottingham.ac.uk/about/facilities/facilities.html]
[www.nottingham.ac.uk/departments/byfaculty.html]
[www.nottingham.ac.uk/about/index.html]
[www.nottingham.ac.uk/library/index.html]
[www.nottingham.ac.uk/departments/researchcentresandinstitutes.html]
[www.nottingham.ac.uk/departments/professionalservicedepartments.html]
[www.nottingham.ac.uk/jobs/howtoapply/index.html]
[www.nottingham.ac.uk/hr/services/reward-and-benefits.html]
[www.nottingham.ac.uk/jobs/frequentlyaskedquestions/index.html]
[www.nottingham.ac.uk/jobs/contactus/index.html]
[www.nottingham.ac.uk/about/campuses/campuses.html]
[www.nottingham.ac.uk/research/covid-19/index.html]
[www.nottingham.ac.uk/visit/index.html]
[www.nottingham.ac.uk/about/vice-chancellor/vice-chancellor.html]
[www.nottingham.ac.uk/Sport/Sport-Facilities/David-Ross-Sports-Village/David-Ross-Sports-Village.html]
[www.nottingham.ac.uk/research/research.html]
[www.nottingham.ac.uk/research/atoz/facultyresearch.html]
[www.nottingham.ac.uk/conference/facilities/index.html]
[www.nottingham.ac.uk/fabs/research-innovation/meettheteam/index.html]
[www.nottingham.ac.uk/research/research-areas/index.html]
[www.nottingham.ac.uk/research/beacons-of-excellence/index.html]
[www.nottingham.ac.uk/news/pressreleases/index.html]
[www.nottingham.ac.uk/workingwithbusiness/index-2.html]
[www.nottingham.ac.uk/researcher-academy/index.html]
[www.nottingham.ac.uk/workingwithbusiness/index.html]
[www.nottingham.ac.uk/Homepage-2021/Images/Hero/Normal-Never-Changed-the-World/Mobile/uon-welcome-mobilearrival340x455v12-edit.x87ac5f40.jpg]
[www.nottingham.ac.uk/Homepage-2021/Images/Hero/Normal-Never-Changed-the-World/Desktop/uon-welcome-homepagearrival1520x475v1250-edit.x7caf312d.jpg]
[www.nottingham.ac.uk/studentservices/welcome/when-you-get-here/index.html]
[www.nottingham.ac.uk/about/facts/league-tables.html]
[www.nottingham.ac.uk/Homepage-2021/Images/Icons/Awards-Blue5-RGB-SafeZone.svg]
[www.nottingham.ac.uk/news/nottingham-named-sports-university-of-the-year.html]
[www.nottingham.ac.uk/Homepage-2021/Images/Icons/Sport-Blue5-RGB-SafeZone.svg]
[www.nottingham.ac.uk/Homepage-2021/Images/Icons/Green-Space-Blue5-RGB-SafeZone.svg]
[www.nottingham.ac.uk/Homepage-2021/Images/Tiles/19-11-20-uon0434-clean-balanced-sharp-v2.x91d8c202.png]
[www.nottingham.ac.uk/ugapplicants/why-nottingham/whynottingham.html]
[www.nottingham.ac.uk/Homepage-2021/Images/Tiles/ammar-khazal-20-11-20-uon-1-0283-uonv2.x88747116.png]
[www.nottingham.ac.uk/ugstudy/applying/applying.html]
[www.nottingham.ac.uk/Homepage-2021/Images/Tiles/dan-may-20-11-20-uon-1-0201-uonv2.x4b144478.png]
[www.nottingham.ac.uk/Homepage-2021/Images/Tiles/cleo-bryne-19-11-20-uon-1-0870.x6bc42be8.png]
[www.nottingham.ac.uk/virtual/chat.58.delayed]
[www.nottingham.ac.uk/studywithus/student-experience/index.html]
[www.nottingham.ac.uk/Homepage-2021/Images/Tiles/black-and-white-image-of-a-brain-1920x830.x95f17f43.png]
[www.nottingham.ac.uk/vision/universitys-largest-ever-funding-award-for-uks-most-powerful-mri-scanner-1.html]
[www.nottingham.ac.uk/vision/index-2.html]
[www.nottingham.ac.uk/research/ref/index.html]
[www.nottingham.ac.uk/Vision/Images/2019/Summer/waste-to-wealth2.x4717630c.jpg]
[www.nottingham.ac.uk/vision/article-2021f50a.html]
[www.nottingham.ac.uk/vision/home-2021.5f.delayed]
[www.nottingham.ac.uk/vision.60.delayed]
[www.nottingham.ac.uk/Vision/Images/2021/Jason-Atkin-1600x600-2.xf7ae62b7.jpg]
[www.nottingham.ac.uk/vision/article-20215f56.html]
[www.nottingham.ac.uk/Homepage-2021/Images/Partners/athenaswan-logo.x9cd4192a.png]
[www.nottingham.ac.uk/Homepage-2021/Images/Partners/britishcouncil-logo.xd6d91b17.png]
[www.nottingham.ac.uk/Homepage-2021/Images/Partners/midlandsinnovation-logo.xe4db7afb.png]
[www.nottingham.ac.uk/Homepage-2021/Images/Partners/unesco-larger.xc7fc7edd.png]
[www.nottingham.ac.uk/Homepage-2021/Images/Partners/russelgroup.x2b5e6786.png]
[www.nottingham.ac.uk/Homepage-2021/Images/Partners/universitas21-smaller.xfbad6104.png]
[www.nottingham.ac.uk/Homepage-2021/Images/SecondaryHero/Desktop/jubilee-desktop2.xfa1db6c0.jpg]
[www.nottingham.ac.uk/Homepage-2021/Images/SecondaryHero/Mobile/jubilee-mobile1.x6b9a8106.jpg]
[www.nottingham.ac.uk/events/events-alld770.html]
[www.nottingham.ac.uk/home/featureevents/2022/whats-new-in-the-disability-space-part-of-disability-recognition-month.html]
[www.nottingham.ac.uk/home/featureevents/2022/spotlight-on-further-study.html]
[www.nottingham.ac.uk/PressReleaseLongForm-Images/Science/Workplacebully.x5ecb86e4.jpg]
[www.nottingham.ac.uk/news/new-research-shows-link-between-workplace-bullying-and-conspiracy-beliefs.html]
[www.nottingham.ac.uk/PressReleaseLongForm-Images/Engineering/2022/Retrofit-results/ISEnergyMeter1022DH.x501ecb1870f8.jpg]
[www.nottingham.ac.uk/news/retrofitting-uk-housing-stock-for-carbon-neutrality-will-require-significant-investment-says-new-study.html]
[www.nottingham.ac.uk/about/structure/professionalservices/professionalservices.html]
[www.nottingham.ac.uk/sport/index.73.delayed]
[www.nottingham.ac.uk/sport/sport.html]
[www.nottingham.ac.uk/studentservices/index-2.html]
[www.nottingham.ac.uk/StudentServices/HealthWelfare/index.html]
[www.nottingham.ac.uk/dts/student/student-services.html]
[www.nottingham.ac.uk/working-here/index.html]
[www.nottingham.ac.uk/hr/your-benefits/your-wellbeing/staff-wellbeing.html]
[www.nottingham.ac.uk/alumni/alumni.html]
[www.nottingham.ac.uk/dts/index.html]
[www.nottingham.ac.uk/alumni/newseventsandfeatures/index.7c.delayed]
[www.nottingham.ac.uk/alumni/newsandevents/index.html]
[www.nottingham.ac.uk/alumni/donatenow/index.7f.delayed]
[www.nottingham.ac.uk/alumni/supportus/index.html]
[www.nottingham.ac.uk/utilities/privacy/privacy.html]
[www.nottingham.ac.uk/utilities/terms.html]
[www.nottingham.ac.uk/utilities/accessibility/accessibility.html]
[www.nottingham.ac.uk/utilities/posting-rules.html]
[www.nottingham.ac.uk/governance/records-and-information-management/freedom-of-information/freedom-of-information.html]
[www.nottingham.ac.uk/governance/gateway.html]
[www.nottingham.ac.uk/utilities/cookies.html]
[www.nottingham.ac.uk/fabs/procurement/key-university-policies/policies.html]
[www.nottingham.ac.uk/index.html]
[cdn.jsdelivr.net/npm/bootstrap@5.0.1/dist/css/bootstrap.min.css]
[cdn.jsdelivr.net/npm/bootstrap@5.0.1/dist/js/bootstrap.bundle.min593c.js]
[maxcdn.bootstrapcdn.com/font-awesome/4.7.0/css/font-awesome.min.css]
[www.nottingham.ac.uk/SiteElementsHomepage/css/fonts/Vesterbro-Medium.woff]
[www.nottingham.ac.uk/SiteElementsHomepage/css/fonts/Vesterbro-Extrabold.woff]
[www.nottingham.ac.uk/SiteElementsHomepage/css/fonts/Vesterbro-Poster.woff]
[www.nottingham.ac.uk/SiteElementsHomepage/css/fonts/lineto-circular-pro-book-woff.woff]
[www.nottingham.ac.uk/SiteElementsHomepage/css/fonts/lineto-circular-pro-medium-woff.woff]
[www.nottingham.ac.uk/SiteElementsHomepage/css/fonts/lineto-circular-pro-bold-woff.woff]
[www.nottingham.ac.uk/homepage-2021/stylesheets/style0eae.css]
[www.nottingham.ac.uk/SiteElementsHomepage/images/icons/svg/icon-magnifier.svg]
[www.nottingham.ac.uk/homepage-2021/stylesheets/header-20216a10.css]
[www.nottingham.ac.uk/WebResourcebad4.js]
[www.googletagmanager.com/gtm5445.html]
[cdnjs.cloudflare.com/ajax/libs/Modaal/0.4.4/css/modaal.min.css]
[www.nottingham.ac.uk/homepage-2021/images/mobile-logo-full.svg]
[www.nottingham.ac.uk/siteelements/stylesheets/components/componentsa23b.css]
[www.nottingham.ac.uk/homepage-2021/Stylesheets/master5e38.css]
[www.nottingham.ac.uk/studywithus/images-multimedia/2021/Hero-Images/trent-building-summer.x5b10f640ea9e.jpg]
[www.nottingham.ac.uk/studywithus/images-multimedia/2021/undergraduate.x3290d01e.png]
[www.nottingham.ac.uk/studywithus/images-multimedia/2021/postgraduate.x2ce7c008.png]
[www.nottingham.ac.uk/pgstudy/courses/courses.html]
[www.nottingham.ac.uk/studywithus/images-multimedia/2021/pg-research.x9ddcde81.png]
[www.nottingham.ac.uk/pgstudy/courses/research-courses-explained.html]
[www.nottingham.ac.uk/studywithus/images-multimedia/2021/apprenticeships.x0d8e37dc.png]
[www.nottingham.ac.uk/studywithus/images-multimedia/2021/online.x24f5f7f6.png]
[www.nottingham.ac.uk/studywithus/courses/online-study/online-study.html]
[www.nottingham.ac.uk/studywithus/images-multimedia/2021/research.xd0cc5c02.png]
[www.nottingham.ac.uk/workingwithbusiness/services/continued-professional-development.html]
[www.nottingham.ac.uk/Staffroom/image/Buildings/Trent-2021.x6903c353.jpg]
[www.nottingham.ac.uk/studywithus/images-multimedia/2021/Tile-Images/city-skateboarder.x31321476.png]
[www.nottingham.ac.uk/studywithus/student-experience/nottingham-city.html]
[www.nottingham.ac.uk/studywithus/images-multimedia/2021/Tile-Images/students-studying-outside.x9046af87.jpg]
[www.nottingham.ac.uk/studywithus/student-experience/accommodation.html]
[www.nottingham.ac.uk/studywithus/images-multimedia/2021/Tile-Images/international.x3c459e48.png]
[www.nottingham.ac.uk/studywithus/images-multimedia/2021/teaching-excellence1.xec4ec9b1.png]
[www.nottingham.ac.uk/studywithus/why-study/academic-excellence.html]
[www.nottingham.ac.uk/studywithus/images-multimedia/2021/employability1.x9a2e258d.png]
[www.nottingham.ac.uk/studywithus/why-study/employability.html]
[www.nottingham.ac.uk/studywithus/study-with-us.html]
[www.nottingham.ac.uk/studywithus/what-next/how-to-apply.html]
[www.nottingham.ac.uk/siteelements/stylesheets/global479e.css]
[www.nottingham.ac.uk/siteelements/stylesheets/variations/ugstudy2e21.css]
[www.nottingham.ac.uk/siteelements/stylesheets/variations/uonblue2abd.css]
[www.nottingham.ac.uk/SiteElements/Stylesheets/printf474.css]
[www.nottingham.ac.uk/SiteElements/Stylesheets/Variations/course-pagesfd88.css]
[www.nottingham.ac.uk/WebResource9c2f.js]
[www.nottingham.ac.uk/SiteElements/Javascript/SearchViaRedirect0382.js]
[www.nottingham.ac.uk/WebResourcef112.axd]
[www.nottingham.ac.uk/WebResourcec2e4.axd]
[www.nottingham.ac.uk/WebResource4fe7.axd]
[www.nottingham.ac.uk/SiteElements/Stylesheets/Responsive.css]
[www.nottingham.ac.uk/SiteElements/Javascript/global.js]
[www.nottingham.ac.uk/SiteElements/Javascript/internal.js]
[www.nottingham.ac.uk/SiteElements/Javascript/uon-ui.js]
[www.nottingham.ac.uk/SiteElements/Javascript/privacy-bar-gdpr.js]
[www.nottingham.ac.uk/siteelements/javascript/slicknav.js]
[www.nottingham.ac.uk/SiteElements/Javascript/gaclicktracking-universal.js]
[www.nottingham.ac.uk/SiteElements/Javascript/gecko-cookie.js]
[www.nottingham.ac.uk/SiteElements/Images/Base/logo.png]
[www.nottingham.ac.uk/utilities/a-z/a-z.html]
[www.nottingham.ac.uk/search03d2.html]
[www.nottingham.ac.uk/index.c0.delayed]
[www.nottingham.ac.uk/ugstudy/index.html]
[www.nottingham.ac.uk/ugstudy/courses/subjectareasearch.html]
[www.nottingham.ac.uk/ugstudy/courses/part-time-courses.html]
[www.nottingham.ac.uk/ugstudy/courses/foundationcourses/foundationcourses.html]
[www.nottingham.ac.uk/ugstudy/courses/courses-china-malaysia.html]
[www.nottingham.ac.uk/ugstudy/parents/parents.html]
[www.nottingham.ac.uk/ugstudy/visitingus/visitingus.html]
[www.nottingham.ac.uk/Fees/Tuition-Fees-Student-Services.html]
[www.nottingham.ac.uk/studywithus/FAQs/faqs.html]
[www.nottingham.ac.uk/studywithus/Enquiry-2.html]
[www.nottingham.ac.uk/ugstudy/courses/a-zsearchd94b.html]
[www.nottingham.ac.uk/ugstudy/courses/a-zsearch284e.html]
[www.nottingham.ac.uk/ugstudy/courses/a-zsearch51fa.html]
[www.nottingham.ac.uk/ugstudy/courses/a-zsearch7bd1.html]
[www.nottingham.ac.uk/ugstudy/courses/a-zsearch081a.html]
[www.nottingham.ac.uk/ugstudy/courses/a-zsearch8c7a.html]
[www.nottingham.ac.uk/ugstudy/courses/a-zsearch65b1.html]
[www.nottingham.ac.uk/ugstudy/courses/a-zsearch95e4.html]
[www.nottingham.ac.uk/ugstudy/courses/a-zsearch7276.html]
[www.nottingham.ac.uk/ugstudy/courses/a-zsearchf7ae.html]
[www.nottingham.ac.uk/ugstudy/courses/a-zsearch27c8.html]
[www.nottingham.ac.uk/ugstudy/courses/a-zsearch62d7.html]
[www.nottingham.ac.uk/ugstudy/courses/a-zsearch1e03.html]
[www.nottingham.ac.uk/ugstudy/courses/a-zsearch1a5d.html]
[www.nottingham.ac.uk/ugstudy/courses/a-zsearchda3c.html]
[www.nottingham.ac.uk/ugstudy/courses/a-zsearchdbd8.html]
[www.nottingham.ac.uk/ugstudy/courses/a-zsearchfa30.html]
[www.nottingham.ac.uk/ugstudy/course/Accountancy-BSc.html]
[www.nottingham.ac.uk/ugstudy/course/Aerospace-Engineering-MEng.html]
[www.nottingham.ac.uk/ugstudy/course/Aerospace-Engineering-BEng.html]
[www.nottingham.ac.uk/ugstudy/course/Aerospace-Engineering-including-an-Industrial-Year-MEng.html]
[www.nottingham.ac.uk/ugstudy/course/Aerospace-Engineering-including-an-Industrial-Year-BEng.html]
[www.nottingham.ac.uk/ugstudy/course/Agricultural-and-Crop-Science-BSc.html]
[www.nottingham.ac.uk/ugstudy/course/Agricultural-and-Livestock-Science-BSc.html]
[www.nottingham.ac.uk/ugstudy/course/Agricultural-Business-Management-BSc.html]
[www.nottingham.ac.uk/ugstudy/course/Agriculture-BSc.html]
[www.nottingham.ac.uk/ugstudy/course/American-and-Canadian-Studies-BA.html]
[www.nottingham.ac.uk/ugstudy/course/American-and-Canadian-Studies-(Study-Abroad)-BA.html]
[www.nottingham.ac.uk/ugstudy/course/American-and-Canadian-Studies-(Study-Abroad)-with-Foundation-Year-BA.html]
[www.nottingham.ac.uk/ugstudy/course/American-Studies-and-English-BA.html]
[www.nottingham.ac.uk/ugstudy/course/American-Studies-and-History-BA.html]
[www.nottingham.ac.uk/ugstudy/course/American-Studies-and-Latin-American-Studies-BA.html]
[www.nottingham.ac.uk/ugstudy/course/Ancient-History-BA.html]
[www.nottingham.ac.uk/ugstudy/course/Ancient-History-and-Archaeology-BA.html]
[www.nottingham.ac.uk/ugstudy/course/Ancient-History-and-History-BA.html]
[www.nottingham.ac.uk/ugstudy/course/Ancient-History-with-Foundation-Year-BA.html]
[www.nottingham.ac.uk/ugstudy/course/Animal-Science-MSci.html]
[www.nottingham.ac.uk/ugstudy/course/Animal-Science-BSc.html]
[www.nottingham.ac.uk/ugstudy/course/Archaeology-BSc.html]
[www.nottingham.ac.uk/ugstudy/course/Archaeology-BA.html]
[www.nottingham.ac.uk/ugstudy/course/Archaeology-and-Classical-Civilisation-BA.html]
[www.nottingham.ac.uk/ugstudy/course/Archaeology-and-Geography-BA.html]
[www.nottingham.ac.uk/ugstudy/course/Archaeology-and-History-BA.html]
[www.nottingham.ac.uk/ugstudy/course/Archaeology-and-History-of-Art-BA.html]
[www.nottingham.ac.uk/ugstudy/course/Archaeology-with-Foundation-Year-BA.html]
[www.nottingham.ac.uk/ugstudy/course/Architectural-Environment-Engineering-MEng.html]
[www.nottingham.ac.uk/ugstudy/course/Architectural-Environment-Engineering-BEng.html]
[www.nottingham.ac.uk/ugstudy/course/Architectural-Environment-Engineering-with-Industrial-Placement-Year-MEng.html]
[www.nottingham.ac.uk/ugstudy/course/Architectural-Environment-Engineering-with-Industrial-Placement-Year-BEng.html]
[www.nottingham.ac.uk/ugstudy/course/Architecture-BArch.html]
[www.nottingham.ac.uk/ugstudy/course/Architecture-MArch+(ARB+RIBA+Part+2).html]
[www.nottingham.ac.uk/ugstudy/course/Architecture-and-Environmental-Design-MEng.html]
[www.nottingham.ac.uk/ugstudy/course/Architecture-with-Collaborative-Practice-Research-MArch.html]
[www.nottingham.ac.uk/ugstudy/course/Arts-and-Humanities-BA-Courses-with-Foundation-Year-BA.html]
[www.nottingham.ac.uk/UGstudy/images-multimedia/2017/ExploreIt-VirtualNottingham.jpg]
[www.nottingham.ac.uk/studywithus/faqs/faqs-2.html]
[www.nottingham.ac.uk/utilities/copyright.html]
[www.nottingham.ac.uk/SiteElements/Images/Icons/icon-facebook.png]
[www.nottingham.ac.uk/SiteElements/Images/Icons/icon-twitter.png]
[www.nottingham.ac.uk/SiteElements/Images/Icons/icon-youtube.png]
[www.nottingham.ac.uk/SiteElements/Images/Icons/icon-linkedin.png]
[www.nottingham.ac.uk/SiteElements/Images/Icons/icon-tumblr.png]
[www.nottingham.ac.uk/SiteElements/Images/Icons/icon-instagram.png]
[www.nottingham.ac.uk/SiteElements/Images/Icons/icon-weibo.png]
[www.nottingham.ac.uk/SiteElements/Images/Icons/icon-vk.png]
[www.nottingham.ac.uk/about/visitorinformation/mapsanddirections/mapsanddirections.html]
[www.nottingham.ac.uk/jobs.110.delayed]
[www.nottingham.ac.uk/ugstudy/courses/search1690.html]
[www.nottingham.ac.uk/ugstudy/courses/a-zsearch.html]
[www.nottingham.ac.uk/siteelements/stylesheets/variations/pgstudy8355.css]
[www.nottingham.ac.uk/SiteElements/Stylesheets/Variations/Banner-Image-With-Text6d3a.css]
[www.nottingham.ac.uk/SiteElements/Stylesheets/Variations/content-cards1c7e.css]
[www.nottingham.ac.uk/SiteElementsHomepage/js/search-web-resource9ac5.js]
[www.nottingham.ac.uk/SiteElements/Stylesheets/Variations/venobox-prospectus-popup.css]
[www.nottingham.ac.uk/SiteElements/Javascript/venobox.js]
[www.nottingham.ac.uk/SiteElements/Javascript/jquery-cookiebar.js]
[connect.facebook.net/en_US/fbevents.js]
[www.nottingham.ac.uk/pgstudy/images-multimedia/homepagebanners/pg-web-banner-950x300-1.jpg]
[www.nottingham.ac.uk/pgstudy/courses/courses83ba.html]
[www.nottingham.ac.uk/pgstudy/how-to-apply/how-to-apply.html]
[www.nottingham.ac.uk/pgstudy/funding/postgraduate-funding.html]
[www.nottingham.ac.uk/pgstudy/images-multimedia/contentcardimages/students-walking-jubilee.jpg]
[www.nottingham.ac.uk/doctoral-training-centres/index.html]
[www.nottingham.ac.uk/pgstudy/images-multimedia/applicants-area-images/dtp-index-page.jpg]
[www.nottingham.ac.uk/pgstudy/visiting-us/visiting-us.html]
[www.nottingham.ac.uk/pgstudy/visiting-us/images-multimedia/pg-page-visit-us-2.jpg]
[www.nottingham.ac.uk/pgstudy/already-applied/already-applied.html]
[www.nottingham.ac.uk/home/homepagefeaturebox/coronavirus-research-feature-bluey-green.jpg]
[www.nottingham.ac.uk/siteelements/images/base/bg-blue3-covid.jpg]
[www.nottingham.ac.uk/coronavirus.127.delayed]
[www.nottingham.ac.uk/pgstudy/index.html]
[www.nottingham.ac.uk/siteelements/stylesheets/pagebackgrounds/pb-hughstewartd761.css]
[www.nottingham.ac.uk/siteelements/stylesheets/pagebackgrounds/pc-yellowblossome5df.css]
[www.nottingham.ac.uk/siteelements/stylesheets/variations/prospectivestudents597d.css]
[www.nottingham.ac.uk/siteelements/stylesheets/variations/swu-new61db.css]
[www.nottingham.ac.uk/siteelements/javascript/jquery-1-10-2.js]
[www.nottingham.ac.uk/studywithus/why-study/index.html]
[www.nottingham.ac.uk/open-days/postgraduate-virtual-open-day-2022.html]
[www.nottingham.ac.uk/studywithus/images-multimedia/why-nottingham/campuses-500.jpg]
[www.nottingham.ac.uk/studywithus/international-applicants/country-info/index.html]
[www.nottingham.ac.uk/studywithus/international-applicants/images-mulitimedia/homepage/the-world.jpg]
[www.nottingham.ac.uk/studywithus/international-applicants/spend-part-of-your-degree-here/spend-part-of-your-degree-here.html]
[www.nottingham.ac.uk/studywithus/international-applicants/images-mulitimedia/homepage/lake.jpg]
[www.nottingham.ac.uk/studywithus/international-applicants/international-student-life/international-student-life.html]
[www.nottingham.ac.uk/studywithus/international-applicants/images-mulitimedia/homepage/funfair.jpg]
[www.nottingham.ac.uk/studywithus/international-applicants/scholarships/index.html]
[www.nottingham.ac.uk/studywithus/international-applicants/images-mulitimedia/homepage/scholars.jpg]
[www.nottingham.ac.uk/studywithus/international-applicants/preparing-for-nottingham/index.html]
[www.nottingham.ac.uk/studywithus/international-applicants/images-mulitimedia/preparing-for-nottingham/arrival-procedure-cropped-500x300.jpg]
[www.nottingham.ac.uk/studywithus/international-applicants/visa-help/index.html]
[www.nottingham.ac.uk/studywithus/international-applicants/images-mulitimedia/preparing-for-nottingham/banking-and-finance-cropped-500x300.jpg]
[www.nottingham.ac.uk/studywithus/international-applicants/english-language.html]
[www.nottingham.ac.uk/studywithus/international-applicants/images-mulitimedia/homepage/ipad.jpg]
[www.nottingham.ac.uk/cele/index.html]
[www.nottingham.ac.uk/studywithus/images-multimedia/why-nottingham/academic-excellence-2-500.jpg]
[www.nottingham.ac.uk/studywithus/international-applicants/ielts/ielts.html]
[www.nottingham.ac.uk/studywithus/international-applicants/images-mulitimedia/homepage/ielts-centre.jpg]
[www.nottingham.ac.uk/studywithus/international-applicants/contact-us/contacts.html]
[www.nottingham.ac.uk/studywithus/international-applicants/meet-us/index.html]
[www.nottingham.ac.uk/studywithus/international-applicants/index.html]
[www.nottingham.ac.uk/studywithus/international-applicants/contact-us/social-media.html]
[www.nottingham.ac.uk/siteelements/stylesheets/variations/master-services-site9aac.css]
[www.nottingham.ac.uk/siteelements/stylesheets/variations/search268c.css]
[www.nottingham.ac.uk/siteelements/stylesheets/variations/working-with-business6ce7.css]
[www.nottingham.ac.uk/SiteElements/Stylesheets/Variations/Rotation-Feature-Zone.css]
[www.nottingham.ac.uk/WebResource4b83.js]
[www.nottingham.ac.uk/SiteElementsHomepage/js/libs/modernizr-custom593c.js]
[www.nottingham.ac.uk/SiteElements/Stylesheets/Responsive838c.css]
[www.nottingham.ac.uk/siteelements/images/img-src.jpg]
[www.nottingham.ac.uk/workingwithbusiness/images-multimedia/electro-mechanical-engineering-degree-apprenticeship-at-the-university-of-nottingham.-photography-by-alex-wilkinson-media]
[www.nottingham.ac.uk/news/new-pathway-into-engineering-provided-with-announcement-of-university-apprenticeships.html]
[www.nottingham.ac.uk/workingwithbusiness/degree-apprenticeships/employer/degree-apprenticeships-information-for-employers.html]
[www.nottingham.ac.uk/workingwithbusiness/degree-apprenticeships/images-multimedia/photography/employer-top.jpg]
[www.nottingham.ac.uk/workingwithbusiness/degree-apprenticeships/apprentice/degree-apprenticeships-information-for-apprentices.html]
[www.nottingham.ac.uk/workingwithbusiness/degree-apprenticeships/images-multimedia/photography/apprentice-top-banner.jpg]
[www.nottingham.ac.uk/Workingwithbusiness/Degree-Apprenticeships/images-multimedia/Icons/Ranking-graph100x100.jpg]
[www.nottingham.ac.uk/Workingwithbusiness/Degree-Apprenticeships/images-multimedia/Icons/Accreditations-rosette100x99.jpg]
[www.nottingham.ac.uk/Business/Images-Multimedia/Icons/Employability-CV-icon100x100.jpg]
[www.nottingham.ac.uk/Business/Images-Multimedia/Icons/Teaching-Quality-Blue3-RGB-SafeZone100x100.jpg]
[www.nottingham.ac.uk/Workingwithbusiness/Degree-Apprenticeships/images-multimedia/Photography/vacancies.jpg]
[www.nottingham.ac.uk/workingwithbusiness/degree-apprenticeships/degree-apprenticeship-vacancies.html]
[www.nottingham.ac.uk/workingwithbusiness/degree-apprenticeships/news/news.html]
[www.nottingham.ac.uk/business/images-multimedia/research/newspapers-and-laptop-1000x666.jpg]
[www.nottingham.ac.uk/workingwithbusiness/degree-apprenticeships/events/events.html]
[www.nottingham.ac.uk/business/images-multimedia/research/man-recording-educational-video-webinar-1000x666.jpg]
[www.nottingham.ac.uk/workingwithbusiness/degree-apprenticeships/frequently-asked-degree-apprenticeship-questions.html]
[www.nottingham.ac.uk/business/images-multimedia/research/ingenuity-event-1000x666.jpg]
[www.nottingham.ac.uk/Workingwithbusiness/Degree-Apprenticeships/images-multimedia/Photography/FAQs.jpg]
[www.nottingham.ac.uk/workingwithbusiness/degree-apprenticeships/enquiries.html]
[www.nottingham.ac.uk/workingwithbusiness/degree-apprenticeships/degree-apprenticeships.html]
[www.nottingham.ac.uk/SiteElements/Javascript/videoBannerJS593c.js]
[www.nottingham.ac.uk/siteelements/stylesheets/pagebackgrounds/pb-downssummerd38c.css]
[www.nottingham.ac.uk/siteelements/stylesheets/variations/uonblue-schooltemplatec2f3.css]
[www.nottingham.ac.uk/studentservices/support/index.html]
[www.nottingham.ac.uk/studentservices/support/financialsupport/index.html]
[www.nottingham.ac.uk/studentservices/welcome/index.html]
[www.nottingham.ac.uk/studentservices/index-old-2021.16d.delayed]
[www.nottingham.ac.uk/studentservices/essentials/index.html]
[www.nottingham.ac.uk/studentservices/studies/index.html]
[www.nottingham.ac.uk/studentservices/support/equality-diversity-and-inclusion/equality-diversity-and-inclusion.html]
[www.nottingham.ac.uk/studentservices/support/faqfamilyandfriends/faq-for-family-and-friends.html]
[www.nottingham.ac.uk/studentservices/support/financialsupport/studentfunding/index.html]
[www.nottingham.ac.uk/studentservices/support/financialsupport/bursariesandscholarships/wh-revis-article-26.html]
[www.nottingham.ac.uk/studentservices/support/financialsupport/bursariesandscholarships/scholarships.html]
[www.nottingham.ac.uk/studentservices/support/financialsupport/bursariesandscholarships/thefacultyalumnimillerscholarship.html]
[www.nottingham.ac.uk/studentservices/support/financialsupport/bursariesandscholarships/sanctuary-scholarship-for-international-students.html]
[www.nottingham.ac.uk/studentservices/support/financialsupport/bursariesandscholarships/stoneygate-award.html]
[www.nottingham.ac.uk/studentservices/support/financialsupport/bursariesandscholarships/freshers2022.html]
[www.nottingham.ac.uk/studentservices/support/financialsupport/bursariesandscholarships/halford-scholarship-2021.html]
[www.nottingham.ac.uk/studentservices/support/financialsupport/bursariesandscholarships/prospective2023.html]
[www.nottingham.ac.uk/studentservices/support/financialsupport/bursariesandscholarships/helena-kennedy-foundation-bursaries.html]
[www.nottingham.ac.uk/studentservices/support/financialsupport/bursariesandscholarships/witty-scholarship.html]
[www.nottingham.ac.uk/studentservices/support/financialsupport/bursariesandscholarships/funding-for-refugees-and-asylum-seekers.html]
[www.nottingham.ac.uk/studentservices/support/financialsupport/bursariesandscholarships/continuingstudents.html]
[www.nottingham.ac.uk/studentservices/support/financialsupport/bursariesandscholarships/bursaryfaqs.html]
[www.nottingham.ac.uk/studentservices/support/financialsupport/bursariesandscholarships/what-are-bursaries-and-scholarships.html]
[www.nottingham.ac.uk/studentservices/support/financialsupport/support-funds/index.html]
[www.nottingham.ac.uk/studentservices/support/financialsupport/managingyourmoney/index.html]
[www.nottingham.ac.uk/studentservices/support/financialsupport/funding-for-disabled-students.html]
[www.nottingham.ac.uk/studentservices/support/financialsupport/factsheetsandforms.html]
[www.nottingham.ac.uk/studentservices/support/financialsupport/payingfees.html]
[www.nottingham.ac.uk/studentservices/support/financialsupport/talktous.html]
[www.nottingham.ac.uk/studentservices/support/financialsupport/faqs.html]
[www.nottingham.ac.uk/studentservices/support/financialsupport/data-protection.html]
[www.nottingham.ac.uk/studentservices/support/health/index.html]
[www.nottingham.ac.uk/studentservices/support/informationforstaff/index.html]
[www.nottingham.ac.uk/studentservices/support/meettheteam/index.html]
[www.nottingham.ac.uk/studentservices/support/officialdocuments/index.html]
[www.nottingham.ac.uk/studentservices/money/index.html]
[www.nottingham.ac.uk/studentservices/healthwelfare/index-2.html]
[www.nottingham.ac.uk/studentservices/people/index.html]
[www.nottingham.ac.uk/studentservices/questions-and-answers/frequently-asked-questions.html]
[www.nottingham.ac.uk/studentservices/help/index.html]
[www.nottingham.ac.uk/studentservices/myhelp-zone.html]
[www.nottingham.ac.uk/studentservices/services/a-z.html]
[www.nottingham.ac.uk/studentservices/your-feedback/your-feedback.html]
[www.nottingham.ac.uk/studentservices/contact-us/index.html]
[www.nottingham.ac.uk/studentservices/images-multimedia/bursary-pages-images/scholarship-placeholder.png]
[www.nottingham.ac.uk/studentservices/support/financialsupport/bursariesandscholarships/bursaries/2022guaranteedbursaries.html]
[www.nottingham.ac.uk/studentservices/images-multimedia/bursary-pages-images/bursary-placeholder.png]
[www.nottingham.ac.uk/studentservices/support/financialsupport/bursariesandscholarships/index.html]
[www.nottingham.ac.uk/virtualnottingham.19a.delayed]
[www.nottingham.ac.uk/virtual/index.html]
[www.nottingham.ac.uk/siteelements/stylesheets/variations/about0c97.css]
[www.nottingham.ac.uk/siteelements/stylesheets/pagebackgrounds/pb-gardens7ecc.css]
[www.nottingham.ac.uk/siteelements/stylesheets/pagebackgrounds/pc-summer4598.css]
[www.nottingham.ac.uk/about/index-2.html]
[www.nottingham.ac.uk/about/castle-meadow/castle-meadow-campus.html]
[www.nottingham.ac.uk/about/visitorinformation/information.html]
[www.nottingham.ac.uk/about/keydates/index-2.html]
[www.nottingham.ac.uk/about/history/academichighlights.html]
[www.nottingham.ac.uk/about/history/famousgraduates.html]
[www.nottingham.ac.uk/Z-oldsites/Global/home.html]
[www.nottingham.ac.uk/about/government-relations/index.html]
[www.nottingham.ac.uk/Strategy/Home-2.html]
[www.nottingham.ac.uk/Governance/Gateway-2.html]
[www.nottingham.ac.uk/FABS/Procurement/Key-University-Policies/policies-2.html]
[www.nottingham.ac.uk/TopLevelImages/AboutTheUniversity/LayingTheFoundationStoneofTheTrentBuilding306x190.jpg]
[www.nottingham.ac.uk/about/campuses/universityparkcampus.html]
[www.nottingham.ac.uk/about/campuses/suttonboningtoncampus.html]
[www.nottingham.ac.uk/about/campuses/medicalschool.html]
[www.nottingham.ac.uk/about/campuses/jubileecampus.html]
[www.nottingham.ac.uk/about/campuses/malaysiacampus.html]
[www.nottingham.ac.uk/about/campuses/kingsmeadowcampus.html]
[www.nottingham.ac.uk/about/campuses/chinacampus.html]
[www.nottingham.ac.uk/about/history/abriefhistoryoftheuniversity.html]
[www.nottingham.ac.uk/contact/index-2.html]
[www.nottingham.ac.uk/about/facts/fees-and-finances-explained/fees-and-finances-explained.html]
[www.nottingham.ac.uk/about/facts/teachingquality.html]
[www.nottingham.ac.uk/about/facts/researchexcellence.html]
[www.nottingham.ac.uk/hr/equality-diversity/athena-swan/athena-swan.html]
[www.nottingham.ac.uk/SiteElements/Images/Base/logo-athenaSwanSilver.png]
[www.nottingham.ac.uk/SiteElementsHomepage/images/FooterIcons/logo-BritishCouncilAccreditationEnglish-Cropped-128x108.png]
[www.nottingham.ac.uk/SiteElements/Images/Base/homepage/logo-midlandsInnovation.png]
[www.nottingham.ac.uk/SiteElementsHomepage/images/FooterIcons/logo-UNESCO.jpg]
[www.nottingham.ac.uk/SiteElements/Images/Base/logo-russelGroup.png]
[www.nottingham.ac.uk/image-library/StudentCrowd-Best-University-2020.-V2png100x100.png]
[www.nottingham.ac.uk/About/Images-Multimedia/tef-145.png]
[www.nottingham.ac.uk/SiteElements/Images/Base/logo-universitasjpg.jpg]
[www.nottingham.ac.uk/About/Images/Sports-University-of-the-Year96x148.png]
[www.nottingham.ac.uk/about/facts/accolades.html]
[www.nottingham.ac.uk/SiteElements/Javascript/generic-showhide66eb.js]
[www.nottingham.ac.uk/about/keydates/closure-dates.html]
[www.nottingham.ac.uk/About/Images/keydates1314.jpg]
[www.nottingham.ac.uk/about/keydates/index.html]
[www.nottingham.ac.uk/about/structure/management/managementandgovernance.html]
[www.nottingham.ac.uk/about/structure/university-executive-board/university-executive-board.html]
[www.nottingham.ac.uk/governance/documents/operating-model-revised-october-2018.pdf]
[www.nottingham.ac.uk/About/Images/universitystructure.jpg]
[www.nottingham.ac.uk/About/Images/universitystructure-managementandgovernance.jpg]
[www.nottingham.ac.uk/About/Images/universitystructure-professionalservices.jpg]
[www.nottingham.ac.uk/About/Images/universitystructure-academic.jpg]
[www.nottingham.ac.uk/About/Images/universitystructure-malaysia.jpg]
[www.nottingham.ac.uk/About/Images/universitystructure-china.jpg]
[www.nottingham.ac.uk/about/structure/universitystructure.html]
[www.nottingham.ac.uk/WebResource1f27.js]
[www.nottingham.ac.uk/ScriptResource9222.js]
[www.nottingham.ac.uk/ScriptResourceb9a0.js]
[www.nottingham.ac.uk/global/images-multimedia/banner-images/earthcropped-950x300.jpg]
[www.nottingham.ac.uk/strategy/strategic-delivery-plans.html]
[www.nottingham.ac.uk/global/images-multimedia/banner-images/africa-focus-crop.jpg]
[www.nottingham.ac.uk/global/regions/africa-policy-dialogues.html]
[www.nottingham.ac.uk/global/images-multimedia/banner-images/banner-eu-cropped-950x300.jpg]
[www.nottingham.ac.uk/global/strategy/index.html]
[www.nottingham.ac.uk/currentstudents/study-abroad/index.html]
[www.nottingham.ac.uk/global/the-european-union/the-european-union.html]
[www.nottingham.ac.uk/global/documents/visitor-welcome-guide.pdf]
[www.nottingham.ac.uk/global/partnerships/universitas21.1e0.delayed]
[www.nottingham.ac.uk/global/partnerships/featured/universitas21.html]
[www.nottingham.ac.uk/global/partnerships/partnerships-home.html]
[www.nottingham.ac.uk/global/images-multimedia/banner-images/world-map-background-1-cropped-1000x660.png]
[www.nottingham.ac.uk/global/images-multimedia/square-images/dashboard-earth-cropped-953x665.jpg]
[www.nottingham.ac.uk/global/images-multimedia/square-images/graduates-1000x666.jpg]
[www.nottingham.ac.uk/global/news/2021/new-visitor-policy-launched.html]
[www.nottingham.ac.uk/global/news/2021/first-nottingham-africa-dialogue-with-vice-president-of-ghana-and-minister-of-communication-and-information-technology-tanzania.html]
[www.nottingham.ac.uk/global/news/2021/a-year-on-reflection-ukicis.html]
[www.nottingham.ac.uk/global/home.html]
[www.nottingham.ac.uk/strategy/siteelements/css/responsivec5ab.css]
[www.nottingham.ac.uk/strategy/siteelements/css/slicknav3470.css]
[www.nottingham.ac.uk/strategy/siteelements/css/strategy2025-css393a.css]
[www.nottingham.ac.uk/strategy/siteelements/css/strategy2025-tweaks5b60.css]
[www.nottingham.ac.uk/WebResourcec6a6.js]
[www.nottingham.ac.uk/Strategy/SiteElements/JS/jquery.slicknav593c.js]
[www.nottingham.ac.uk/Strategy/SiteElements/JS/slicknavfdae.js]
[www.nottingham.ac.uk/Strategy/SiteElements/JS/app.min272b.js]
[www.nottingham.ac.uk/Strategy/SiteElements/JS/libs/matchMedia.min593c.js]
[www.nottingham.ac.uk/SiteElements/Javascript/jquery-cookiebar7448.js]
[www.nottingham.ac.uk/strategy/values.html]
[www.nottingham.ac.uk/strategy/goals.html]
[www.nottingham.ac.uk/strategy/enablers.html]
[www.nottingham.ac.uk/strategy/resources.html]
[www.nottingham.ac.uk/About/New-University-Strategy/University-Strategy-Blog/University-Strategy-Blog.html]
[www.nottingham.ac.uk/Strategy/documents/University-Strategy.pdf]
[www.nottingham.ac.uk/strategy/images/banners/comms-strategytrent-web.jpg]
[www.nottingham.ac.uk/strategy/images/icons/icon-cogs.png]
[www.nottingham.ac.uk/strategy/images/icons/icon-world.png]
[www.nottingham.ac.uk/strategy/images/icons/icon-jigsaw.png]
[www.nottingham.ac.uk/strategy/documents/university-strategy-2.pdf]
[www.nottingham.ac.uk/strategy/images/icons/icon-arrowdown-cropped-499x422.png]
[www.nottingham.ac.uk/about/new-university-strategy/green-paper-consultation.html]
[www.nottingham.ac.uk/asiaresearch/projects/tsp/news/2022/taiwan-and-the-world-book-series.html]
[www.nottingham.ac.uk/primis/about/news/newslisting/west-hampshire-ccg-pincer-poster.html]
[www.nottingham.ac.uk/sociology/news/news-articles/2022/what-do-sutton-coldfield-residents-need-in-the-wake-of-covid-19.html]
[www.nottingham.ac.uk/sociology/news/news-articles/2022/social-policy-association-annual-conference-comes-to-nottingham-in-2023.html]
[www.nottingham.ac.uk/about/new-university-strategy/white-paper-consultation.html]
[www.nottingham.ac.uk/about/new-university-strategy/21st-century-university-workshops.html]
[www.nottingham.ac.uk/strategy/home.html]
[www.nottingham.ac.uk/about/new-university-strategy/university-strategy-blog/university-strategy-blog-2.html]
[www.nottingham.ac.uk/economic-impact/index.html]
[www.nottingham.ac.uk/TopLevelImages/AboutTheUniversity/Graduation.jpg]
[www.nottingham.ac.uk/About/Images/factsandfigures-teachingquality.jpg]
[www.nottingham.ac.uk/fabs/finance/publications/global-reviews-and-financial-statements.html]
[www.nottingham.ac.uk/About/Images-Multimedia/2022/strategic-review100x100.jpg]
[www.nottingham.ac.uk/about/facts/factsandfigures.html]
[www.nottingham.ac.uk/vision/siteelements/css/editore670.css]
[www.nottingham.ac.uk/vision/siteelements/css/optima-stylec66d.css]
[www.nottingham.ac.uk/vision/siteelements/css/responsive0af1.css]
[www.nottingham.ac.uk/vision/siteelements/css/slideoutc1c0.css]
[www.nottingham.ac.uk/vision/siteelements/css/slideout-min395d.css]
[www.nottingham.ac.uk/vision/siteelements/css/style50a1.css]
[www.nottingham.ac.uk/vision/siteelements/css/vision-20213dcd.css]
[stackpath.bootstrapcdn.com/bootstrap/4.5.2/css/bootstrap.min.css]
[www.nottingham.ac.uk/SiteElements/Razor/PressRelease/CSS/Long-Form-Content3ea4.css]
[www.nottingham.ac.uk/SiteElements/Stylesheets/featherlight.min.css]
[www.nottingham.ac.uk/Vision/SiteElements/CSS/homepage-2021c88e.css]
[www.nottingham.ac.uk/vision/siteelements/css/bs5-minc4e4.css]
[cdn.jsdelivr.net/npm/bootstrap@4.6.0/dist/js/bootstrap.bundle.min593c.js]
[www.nottingham.ac.uk/Vision/SiteElements/CSS/optima-style.css]
[www.nottingham.ac.uk/Vision/SiteElements/CSS/responsive.css]
[www.nottingham.ac.uk/Vision/SiteElements/CSS/footer.css]
[www.nottingham.ac.uk/SiteElementsHomepage/images/logo-2.svg]
[www.nottingham.ac.uk/siteelementshomepage/images/mobile-logo.svg]
[www.nottingham.ac.uk/vision/culture-communication/culture-and-communication.html]
[www.nottingham.ac.uk/vision/healthy-lives/healthy-lives.html]
[www.nottingham.ac.uk/vision/society-and-communities/society-and-communities.html]
[www.nottingham.ac.uk/Vision/Images/2022/Black-and-white-image-of-a-brain-720x315.x15582b62.png]
[www.nottingham.ac.uk/vision/sustainable-futures/sustainable-futures.html]
[www.nottingham.ac.uk/Vision/Images/2022/MRI-REF-case-study-720x315.x6d0f36c1.jpg]
[www.nottingham.ac.uk/vision/mri-new-insights-into-our-bodies.html]
[www.nottingham.ac.uk/Vision/Images/2022/Healthy-lives-1600x600.x8499074b.jpg]
[www.nottingham.ac.uk/vision/a-quantum-leap-for-brain-imaging.html]
[www.nottingham.ac.uk/vision/vision-through-whose-eyes.html]
[www.nottingham.ac.uk/vision/good-for-cows-good-for-the-planet.html]
[www.nottingham.ac.uk/vision/vision-future-of-film.html]
[u.nottingham.ac.uk/resources/sharing/embedac46.js]
[www.nottingham.ac.uk/research.232.delayed]
[www.nottingham.ac.uk/vision/subscribe/subscribe.html]
[www.nottingham.ac.uk/Vision/SiteElements/JS/vendor/jquery.matchHeights593c.js]
[www.nottingham.ac.uk/Vision/SiteElements/JS/optima-mineddd.js]
[www.nottingham.ac.uk/SiteElements/Javascript/featherlight.min593c.js]
[www.nottingham.ac.uk/vision/index.html]
[www.nottingham.ac.uk/fabs/index.html]
[www.nottingham.ac.uk/fabs/research-innovation/home.html]
[www.nottingham.ac.uk/fabs/fabsdirectorate/financeandinfrastructure.html]
[www.nottingham.ac.uk/fabs/finance/index.html]
[www.nottingham.ac.uk/fabs/internalauditservice/index.html]
[www.nottingham.ac.uk/fabs/procurement/index.html]
[www.nottingham.ac.uk/fabs/research-innovation/research-strategy-and-development.html]
[www.nottingham.ac.uk/fabs/research-innovation/research-operations.html]
[www.nottingham.ac.uk/fabs/research-innovation/ipcommercialisation/ipcommercialisation.html]
[www.nottingham.ac.uk/fabs/research-innovation/researcher-academy.html]
[www.nottingham.ac.uk/fabs/research-innovation/nottingham-university-consultants.html]
[www.nottingham.ac.uk/fabs/a-z.html]
[www.nottingham.ac.uk/Workingwithbusiness/index-3.html]
[www.nottingham.ac.uk/workingwithbusiness/business-network/business-network.html]
[www.nottingham.ac.uk/unip/home.246.delayed]
[www.nottingham.ac.uk/fabs/research-innovation/engagement-and-partnerships.html]
[www.nottingham.ac.uk/workingwithbusiness/services/university-of-nottingham-innovation-park.html]
[www.nottingham.ac.uk/siteelements/stylesheets/2010/global5b0f.css]
[www.nottingham.ac.uk/siteelements/stylesheets/2010/internalstyles6f9b.css]
[www.nottingham.ac.uk/studentservices/styles/studentservicesstyles4f15.css]
[www.nottingham.ac.uk/policy-and-engagement/about-us/about-us.html]
[www.nottingham.ac.uk/policy-and-engagement/events/events.html]
[www.nottingham.ac.uk/policy-and-engagement/policy/index.html]
[www.nottingham.ac.uk/policy-and-engagement/public-engagement/public-engagement-2.html]
[www.nottingham.ac.uk/policy-and-engagement/public-engagement/festivals.html]
[www.nottingham.ac.uk/policy-and-engagement/public-engagement/listening-posts.html]
[www.nottingham.ac.uk/policy-and-engagement/public-engagement/science-public-lectures.html]
[www.nottingham.ac.uk/policy-and-engagement/themes/themes.html]
[www.nottingham.ac.uk/policy-and-engagement/contact-us/contact-us.html]
[www.nottingham.ac.uk/policy-and-engagement/images-multimedia/people-image/kitstudio-ifpae-homepage-banner-1902042.jpg]
[www.nottingham.ac.uk/policy-and-engagement/documents/summary-report-21-22.pdf]
[www.nottingham.ac.uk/policy-and-engagement/images-multimedia/public-engagement/view-across-lake.jpg]
[www.nottingham.ac.uk/policy-and-engagement/images-multimedia/science-public-lecture-series/591071-eve-institutethumb-ifpae-science-hepatitisc-njt-jun21.jpg]
[www.nottingham.ac.uk/policy-and-engagement/public-engagement/70036-eve-foss-institutethumbnail-cmg-aug22.jpg]
[www.nottingham.ac.uk/policy-and-engagement/themes/sustainability/green-light.html]
[www.nottingham.ac.uk/policy-and-engagement/images-multimedia/public-engagement/green-light-in-the-city-rgb-web.jpg]
[www.nottingham.ac.uk/policy-and-engagement/themes/sustainability/youth-manifesto.html]
[www.nottingham.ac.uk/policy-and-engagement/images-multimedia/public-engagement/green-issues/transport-cropped-1134x605.jpg]
[www.nottingham.ac.uk/policy-and-engagement/Public-engagement/Public-engagement.html]
[www.nottingham.ac.uk/policy-and-engagement/images-multimedia/banners/arrow-in-concrete-3-cropped-820x350.png]
[www.nottingham.ac.uk/policy-and-engagement/images-multimedia/banners/signpost-silhouette-with-sunset-cropped-820x350.jpg]
[www.nottingham.ac.uk/policy-and-engagement/images-multimedia/banners/audience-with-raised-hands-cropped-820x350.jpg]
[www.nottingham.ac.uk/policy-and-engagement/images-multimedia/science-public-lecture-series/70066-ifpae-scipl-featureeventthumb-720x315-memorymind-cmg-sep22.jpg]
[www.nottingham.ac.uk/policy-and-engagement/images-multimedia/approved-pictures/big-ben.jpg]
[www.nottingham.ac.uk/policy-and-engagement/images-multimedia/approved-pictures/public-engagement-home-2-410.jpg]
[www.nottingham.ac.uk/policy-and-engagement/images-multimedia/approved-pictures/kitstudio-ifpae-brochure-image-07-cropped-410x272.jpg]
[www.nottingham.ac.uk/policy-and-engagement/blog/blog.html]
[www.nottingham.ac.uk/policy-and-engagement/home.html]
[www.nottingham.ac.uk/workingwithbusiness/corporate-social-responsibility-opportunities.html]
[www.nottingham.ac.uk/workingwithbusiness/spacefacilities.html]
[www.nottingham.ac.uk/workingwithbusiness/services/a-z-of-services.html]
[www.nottingham.ac.uk/workingwithbusiness/contact-us/contact.html]
[www.nottingham.ac.uk/Workingwithbusiness/images-multimedia/Service-page-images/Access-our-knowledge-and-expertise-v2.jpg]
[www.nottingham.ac.uk/workingwithbusiness/services/research-with-us.html]
[www.nottingham.ac.uk/workingwithbusiness/services/academic-consultancy.html]
[www.nottingham.ac.uk/workingwithbusiness/services/license-our-technology.html]
[www.nottingham.ac.uk/workingwithbusiness/services/invest-in-our-businesses.html]
[www.nottingham.ac.uk/workingwithbusiness/services/aerospace.html]
[www.nottingham.ac.uk/workingwithbusiness/services/agrifood.html]
[www.nottingham.ac.uk/workingwithbusiness/services/creative-and-digital-industries.html]
[www.nottingham.ac.uk/workingwithbusiness/services/energy.html]
[www.nottingham.ac.uk/workingwithbusiness/services/health.html]
[www.nottingham.ac.uk/workingwithbusiness/services/pharma.html]
[www.nottingham.ac.uk/workingwithbusiness/services/sustainable-chemistry.html]
[www.nottingham.ac.uk/workingwithbusiness/services/transport.html]
[www.nottingham.ac.uk/workingwithbusiness/services/business-partners-programme.html]
[www.nottingham.ac.uk/workingwithbusiness/services/asia-business-centre.html]
[www.nottingham.ac.uk/workingwithbusiness/expertise.html]
[www.nottingham.ac.uk/workingwithbusiness/services/search1690.html]
[www.nottingham.ac.uk/WebResourcea6d1.js]
[www.nottingham.ac.uk/workingwithbusiness/develop-workforce/verified-by-uono.html]
[www.nottingham.ac.uk/Workingwithbusiness/images-multimedia/Service-page-images/Develop-your-workforce-v2.jpg]
[www.nottingham.ac.uk/workingwithbusiness/develop-workforce/index.html]
[www.nottingham.ac.uk/WebResourcebef8.js]
[www.nottingham.ac.uk/business/index.html]
[www.nottingham.ac.uk/Workingwithbusiness/images-multimedia/Service-page-images/Recruit-our-students.jpg]
[www.nottingham.ac.uk/workingwithbusiness/recruit-our-students-and-graduates.html]
[www.nottingham.ac.uk/Workingwithbusiness/images-multimedia/Service-page-images/Innovation-vouchers.jpg]
[www.nottingham.ac.uk/workingwithbusiness/services/innovate-uk-funding.html]
[www.nottingham.ac.uk/workingwithbusiness/services/knowledge-transfer-partnerships.html]
[www.nottingham.ac.uk/workingwithbusiness/services/postgraduate-placements-nottingham.html]
[www.nottingham.ac.uk/workingwithbusiness/services/funding-for-energy-projects.html]
[www.nottingham.ac.uk/workingwithbusiness/services/driving-research-and-innovation.html]
[www.nottingham.ac.uk/workingwithbusiness/services/aerospace-unlocking-potential.html]
[www.nottingham.ac.uk/workingwithbusiness/collaborativefunding.html]
[www.nottingham.ac.uk/workingwithbusiness/services/immersive-technologies-for-smes.html]
[www.nottingham.ac.uk/workingwithbusiness/services/search.html]
[www.nottingham.ac.uk/Workingwithbusiness/images-multimedia/Service-page-images/Facilities-and-equipment.jpg]
[www.nottingham.ac.uk/workingwithbusiness/services/facilities-and-equipment.html]
[www.nottingham.ac.uk/workingwithbusiness/services/nottingham-conferences.html]
